// Jest Snapshot v1, https://goo.gl/fbAQLP

exports[`countdown should initialize coundown 1`] = `
"<div class=\\"countdown-container\\">
			<span class=\\"countdown__time\\">0</span>
			<span class=\\"countdown__unit\\">days</span>
		
			<span class=\\"countdown__time\\">0</span>
			<span class=\\"countdown__unit\\">hours</span>
		
			<span class=\\"countdown__time\\">0</span>
			<span class=\\"countdown__unit\\">minutes</span>
		
			<span class=\\"countdown__time\\">01</span>
			<span class=\\"countdown__unit\\">second</span>
		</div>"
`;
