// Jest Snapshot v1, https://goo.gl/fbAQLP

exports[`tabs should change content on tab click 1`] = `
<div
  class="tabs-container"
>
  
            
  <div
    class="tab-group"
  >
    
                
    <button
      class="button button--short tab-button"
      data-tab-index="0"
    >
      Game
    </button>
    
                
    <button
      class="button button--short tab-button tab-button--active"
      data-tab-index="1"
    >
      Day
    </button>
    
                
    <button
      class="button button--short tab-button"
      data-tab-index="2"
    >
      Event
    </button>
    
            
  </div>
  
            
  <div
    class="tab-section tab-section--game is-hidden"
  >
    Game
  </div>
  
            
  <div
    class="tab-section tab-section--day"
  >
    Day
  </div>
  
            
  <div
    class="tab-section tab-section--event is-hidden"
  >
    Event
  </div>
  
        
</div>
`;
