// Jest Snapshot v1, https://goo.gl/fbAQLP

exports[`calling render() renders out a question and choices 1`] = `
<div>
  
		
  <div
    class="question"
  >
    
			
    <div
      class="countdown question__countdown"
      data-countdown=""
    />
    
			
    <h1
      class="question__text"
    >
      Who is the most dashing Kansas City Royal of all time?
    </h1>
    
			
    <div
      class="choices"
      data-choices=""
    >
      
		
      <div
        class="choice-field"
      >
        
			
        <input
          class="is-vishidden"
          data-choice-input=""
          id="choice-100"
          name="choice"
          type="radio"
          value="100"
        />
        
			
        <label
          class="c h o i c e - b u t t o n"
          for="choice-100"
          tabindex="0"
        >
          Bob Hamelin
        </label>
        
		
      </div>
      
	
		
      <div
        class="choice-field"
      >
        
			
        <input
          class="is-vishidden"
          data-choice-input=""
          id="choice-101"
          name="choice"
          type="radio"
          value="101"
        />
        
			
        <label
          class="c h o i c e - b u t t o n"
          for="choice-101"
          tabindex="0"
        >
          Danny Tartabul
        </label>
        
		
      </div>
      
	
		
      <div
        class="choice-field"
      >
        
			
        <input
          class="is-vishidden"
          data-choice-input=""
          id="choice-102"
          name="choice"
          type="radio"
          value="102"
        />
        
			
        <label
          class="c h o i c e - b u t t o n"
          for="choice-102"
          tabindex="0"
        >
          Steve Balboni
        </label>
        
		
      </div>
      
	
    </div>
    
		
  </div>
</div>
`;
